Reading netlist file: "C:\repositories\Gowin_Picorv32_V1.2\ref_design\FPGA_RefDesign\DK_START_GW2A18_V2.0\gowin_picorv32\impl\gwsynthesis\gowin_picorv32.vg"
Parsing netlist file "C:\repositories\Gowin_Picorv32_V1.2\ref_design\FPGA_RefDesign\DK_START_GW2A18_V2.0\gowin_picorv32\impl\gwsynthesis\gowin_picorv32.vg" completed
WARN  (PA2009) : The port 'LED[0]' connected to 'gpio_io_31_iobuf'(IOBUF) defined error direction which should be 'INOUT' according to connection
WARN  (PA2009) : The port 'LED[1]' connected to 'gpio_io_31_iobuf_6272'(IOBUF) defined error direction which should be 'INOUT' according to connection
WARN  (PA2009) : The port 'LED[2]' connected to 'gpio_io_31_iobuf_6273'(IOBUF) defined error direction which should be 'INOUT' according to connection
WARN  (PA2009) : The port 'LED[3]' connected to 'gpio_io_31_iobuf_6274'(IOBUF) defined error direction which should be 'INOUT' according to connection
Processing netlist completed
Reading constraint file: "C:\repositories\Gowin_Picorv32_V1.2\ref_design\FPGA_RefDesign\DK_START_GW2A18_V2.0\gowin_picorv32\src\picorv32.cst"
Physical Constraint parsed completed
Running placement......
[10%] Placement Phase 0 completed
[20%] Placement Phase 1 completed
[30%] Placement Phase 2 completed
[50%] Placement Phase 3 completed
Running routing......
[60%] Routing Phase 0 completed
[70%] Routing Phase 1 completed
[80%] Routing Phase 2 completed
WARN  (PR1014) : Generic routing resource will be used to clock signal 'jtag_TCK_d' by the specified constraint. And then it may lead to the excessive delay or skew
[90%] Routing Phase 3 completed
Running timing analysis......
[95%] Timing analysis completed
Placement and routing completed
Bitstream generation in progress......
Bitstream generation completed
Running power analysis......
[100%] Power analysis completed
Generate file "C:\repositories\Gowin_Picorv32_V1.2\ref_design\FPGA_RefDesign\DK_START_GW2A18_V2.0\gowin_picorv32\impl\pnr\gowin_picorv32.power.html" completed
Generate file "C:\repositories\Gowin_Picorv32_V1.2\ref_design\FPGA_RefDesign\DK_START_GW2A18_V2.0\gowin_picorv32\impl\pnr\gowin_picorv32.pin.html" completed
Generate file "C:\repositories\Gowin_Picorv32_V1.2\ref_design\FPGA_RefDesign\DK_START_GW2A18_V2.0\gowin_picorv32\impl\pnr\gowin_picorv32.rpt.html" completed
Generate file "C:\repositories\Gowin_Picorv32_V1.2\ref_design\FPGA_RefDesign\DK_START_GW2A18_V2.0\gowin_picorv32\impl\pnr\gowin_picorv32.rpt.txt" completed
Generate file "C:\repositories\Gowin_Picorv32_V1.2\ref_design\FPGA_RefDesign\DK_START_GW2A18_V2.0\gowin_picorv32\impl\pnr\gowin_picorv32.tr.html" completed
Sun Oct 27 00:05:12 2024

